[backblue.gif]
[fade.gif]
[index.html]
[team90degree.com/html/tf/bestshop-new-demo/bestshop-demo/img/favicon.png]
[team90degree.com/html/tf/bestshop-new-demo/bestshop-demo/img/logo.png]
[team90degree.com/html/tf/bestshop-new-demo/bestshop-demo/img/slider/slide2.jpg]
[team90degree.com/html/tf/bestshop-new-demo/bestshop-demo/img/slider/slide1.jpg]
[team90degree.com/html/tf/bestshop-new-demo/bestshop-demo/img/add3.png]
[team90degree.com/html/tf/bestshop-new-demo/bestshop-demo/img/add1.png]
[team90degree.com/html/tf/bestshop-new-demo/bestshop-demo/img/add2.png]
[team90degree.com/html/tf/bestshop-new-demo/bestshop-demo/img/p1.jpg]
[team90degree.com/html/tf/bestshop-new-demo/bestshop-demo/img/p2.jpg]
[team90degree.com/html/tf/bestshop-new-demo/bestshop-demo/img/p3.jpg]
[team90degree.com/html/tf/bestshop-new-demo/bestshop-demo/img/p4.jpg]
[team90degree.com/html/tf/bestshop-new-demo/bestshop-demo/img/p5.jpg]
[team90degree.com/html/tf/bestshop-new-demo/bestshop-demo/img/p6.jpg]
[team90degree.com/html/tf/bestshop-new-demo/bestshop-demo/img/p7.jpg]
[team90degree.com/html/tf/bestshop-new-demo/bestshop-demo/img/p8.jpg]
[team90degree.com/html/tf/bestshop-new-demo/bestshop-demo/img/p9.jpg]
[team90degree.com/html/tf/bestshop-new-demo/bestshop-demo/img/p10.jpg]
[team90degree.com/html/tf/bestshop-new-demo/bestshop-demo/img/user.png]
[team90degree.com/html/tf/bestshop-new-demo/bestshop-demo/img/user2.png]
[team90degree.com/html/tf/bestshop-new-demo/bestshop-demo/img/add4.png]
[team90degree.com/html/tf/bestshop-new-demo/bestshop-demo/js/vendor/jquery-2.2.4.min.js]
[team90degree.com/html/tf/bestshop-new-demo/bestshop-demo/js/vendor/swiper.min.js]
[team90degree.com/html/tf/bestshop-new-demo/bestshop-demo/js/vendor/bootstrap.min.js]
[team90degree.com/html/tf/bestshop-new-demo/bestshop-demo/js/vendor/jquery.countdown.js]
[team90degree.com/html/tf/bestshop-new-demo/bestshop-demo/js/tt-cart.js]
[team90degree.com/html/tf/bestshop-new-demo/bestshop-demo/js/ajax-mail.js]
[team90degree.com/html/tf/bestshop-new-demo/bestshop-demo/js/contact.js]
[team90degree.com/html/tf/bestshop-new-demo/bestshop-demo/js/plugins.js]
[team90degree.com/html/tf/bestshop-new-demo/bestshop-demo/js/main.js]
[team90degree.com/html/tf/bestshop-new-demo/bestshop-demo/index.html]
[team90degree.com/html/tf/bestshop-new-demo/bestshop-demo/fonts/glyphicons-halflings-regular.eot]
[team90degree.com/html/tf/bestshop-new-demo/bestshop-demo/fonts/glyphicons-halflings-regulard41dd41d.eot]
[team90degree.com/html/tf/bestshop-new-demo/bestshop-demo/fonts/glyphicons-halflings-regular.woff2]
[team90degree.com/html/tf/bestshop-new-demo/bestshop-demo/fonts/glyphicons-halflings-regular.woff]
[team90degree.com/html/tf/bestshop-new-demo/bestshop-demo/fonts/glyphicons-halflings-regular.ttf]
[team90degree.com/html/tf/bestshop-new-demo/bestshop-demo/css/bootstrap-light.css]
[team90degree.com/html/tf/bestshop-new-demo/bestshop-demo/fonts/themify9f249f24.eot]
[team90degree.com/html/tf/bestshop-new-demo/bestshop-demo/fonts/themifyd41dd41d.eot]
[team90degree.com/html/tf/bestshop-new-demo/bestshop-demo/fonts/themify9f249f24.woff]
[team90degree.com/html/tf/bestshop-new-demo/bestshop-demo/fonts/themify9f249f24.ttf]
[team90degree.com/html/tf/bestshop-new-demo/bestshop-demo/img/about.jpg]
[team90degree.com/html/tf/bestshop-new-demo/bestshop-demo/css/theme-light.css]
[team90degree.com/html/tf/bestshop-new-demo/bestshop-demo/img/bg_content.png]
[team90degree.com/html/tf/bestshop-new-demo/bestshop-demo/img/client-area.jpg]
[team90degree.com/html/tf/bestshop-new-demo/bestshop-demo/style.css]
[team90degree.com/html/tf/bestshop-new-demo/bestshop-demo/fonts/fontawesome-webfont3e6e.eot]
[team90degree.com/html/tf/bestshop-new-demo/bestshop-demo/fonts/fontawesome-webfontd41d.eot]
[team90degree.com/html/tf/bestshop-new-demo/bestshop-demo/fonts/fontawesome-webfont3e6e.woff2]
[team90degree.com/html/tf/bestshop-new-demo/bestshop-demo/fonts/fontawesome-webfont3e6e.woff]
[team90degree.com/html/tf/bestshop-new-demo/bestshop-demo/fonts/fontawesome-webfont3e6e.ttf]
[team90degree.com/html/tf/bestshop-new-demo/bestshop-demo/css/font-awesome.min.css]
[team90degree.com/html/tf/bestshop-new-demo/bestshop-demo/css/responsive.css]
[team90degree.com/html/tf/bestshop-new-demo/bestshop-demo/js/vendor/jquery.inview.js]
[team90degree.com/html/tf/bestshop-new-demo/bestshop-demo/fonts/glyphicons-halflings-regular.svg]
[team90degree.com/html/tf/bestshop-new-demo/bestshop-demo/fonts/themify9f249f24.svg]
[team90degree.com/html/tf/bestshop-new-demo/bestshop-demo/img/home-bg.html]
[team90degree.com/html/tf/bestshop-new-demo/bestshop-demo/img/testimonials.html]
[team90degree.com/html/tf/bestshop-new-demo/bestshop-demo/img/news.html]
[team90degree.com/html/tf/bestshop-new-demo/bestshop-demo/fonts/fontawesome-webfont3e6e.svg]
